context0 => value(NServiceBus.EnforcePublishBestPracticesBehavior).Invoke(context0, value(System.Func`2[NServiceBus.Pipeline.IOutgoingPublishContext,System.Threading.Tasks.Task])),
    context1 => value(NServiceBus.UnicastPublishConnector).Invoke(context1, value(System.Func`2[NServiceBus.Pipeline.IOutgoingLogicalMessageContext,System.Threading.Tasks.Task])),
        context2 => value(NServiceBus.AttachCausationHeadersBehavior).Invoke(context2, value(System.Func`2[NServiceBus.Pipeline.IOutgoingLogicalMessageContext,System.Threading.Tasks.Task])),
            context3 => value(NServiceBus.AttachCorrelationIdBehavior).Invoke(context3, value(System.Func`2[NServiceBus.Pipeline.IOutgoingLogicalMessageContext,System.Threading.Tasks.Task])),
                context4 => value(NServiceBus.MutateOutgoingMessageBehavior).Invoke(context4, value(System.Func`2[NServiceBus.Pipeline.IOutgoingLogicalMessageContext,System.Threading.Tasks.Task])),
                    context5 => value(NServiceBus.ApplyTimeToBeReceivedBehavior).Invoke(context5, value(System.Func`2[NServiceBus.Pipeline.IOutgoingLogicalMessageContext,System.Threading.Tasks.Task])),
                        context6 => value(NServiceBus.ApplyReplyToAddressBehavior).Invoke(context6, value(System.Func`2[NServiceBus.Pipeline.IOutgoingLogicalMessageContext,System.Threading.Tasks.Task])),
                            context7 => value(NServiceBus.AddHostInfoHeadersBehavior).Invoke(context7, value(System.Func`2[NServiceBus.Pipeline.IOutgoingLogicalMessageContext,System.Threading.Tasks.Task])),
                                context8 => value(NServiceBus.SerializeMessageConnector).Invoke(context8, value(System.Func`2[NServiceBus.Pipeline.IOutgoingPhysicalMessageContext,System.Threading.Tasks.Task])),
                                    context9 => value(NServiceBus.MutateOutgoingTransportMessageBehavior).Invoke(context9, value(System.Func`2[NServiceBus.Pipeline.IOutgoingPhysicalMessageContext,System.Threading.Tasks.Task])),
                                        context10 => value(NServiceBus.OutgoingPhysicalToRoutingConnector).Invoke(context10, value(System.Func`2[NServiceBus.Pipeline.IRoutingContext,System.Threading.Tasks.Task])),
                                            context11 => value(NServiceBus.ThrowIfCannotDeferMessageBehavior).Invoke(context11, value(System.Func`2[NServiceBus.Pipeline.IRoutingContext,System.Threading.Tasks.Task])),
                                                context12 => value(NServiceBus.AttachSenderRelatedInfoOnMessageBehavior).Invoke(context12, value(System.Func`2[NServiceBus.Pipeline.IRoutingContext,System.Threading.Tasks.Task])),
                                                    context13 => value(NServiceBus.RoutingToDispatchConnector).Invoke(context13, value(System.Func`2[NServiceBus.Pipeline.IDispatchContext,System.Threading.Tasks.Task])),
                                                        context14 => value(NServiceBus.ImmediateDispatchTerminator).Invoke(context14, value(System.Func`2[NServiceBus.Pipeline.PipelineTerminator`1+ITerminatingContext[NServiceBus.Pipeline.IDispatchContext],System.Threading.Tasks.Task`1[System.Threading.Tasks.VoidTaskResult]])),

context0 => value(NServiceBus.EnforceSendBestPracticesBehavior).Invoke(context0, value(System.Func`2[NServiceBus.Pipeline.IOutgoingSendContext,System.Threading.Tasks.Task])),
    context1 => value(NServiceBus.SendConnector).Invoke(context1, value(System.Func`2[NServiceBus.Pipeline.IOutgoingLogicalMessageContext,System.Threading.Tasks.Task])),
        context2 => value(NServiceBus.AttachCausationHeadersBehavior).Invoke(context2, value(System.Func`2[NServiceBus.Pipeline.IOutgoingLogicalMessageContext,System.Threading.Tasks.Task])),
            context3 => value(NServiceBus.AttachCorrelationIdBehavior).Invoke(context3, value(System.Func`2[NServiceBus.Pipeline.IOutgoingLogicalMessageContext,System.Threading.Tasks.Task])),
                context4 => value(NServiceBus.MutateOutgoingMessageBehavior).Invoke(context4, value(System.Func`2[NServiceBus.Pipeline.IOutgoingLogicalMessageContext,System.Threading.Tasks.Task])),
                    context5 => value(NServiceBus.ApplyTimeToBeReceivedBehavior).Invoke(context5, value(System.Func`2[NServiceBus.Pipeline.IOutgoingLogicalMessageContext,System.Threading.Tasks.Task])),
                        context6 => value(NServiceBus.ApplyReplyToAddressBehavior).Invoke(context6, value(System.Func`2[NServiceBus.Pipeline.IOutgoingLogicalMessageContext,System.Threading.Tasks.Task])),
                            context7 => value(NServiceBus.AddHostInfoHeadersBehavior).Invoke(context7, value(System.Func`2[NServiceBus.Pipeline.IOutgoingLogicalMessageContext,System.Threading.Tasks.Task])),
                                context8 => value(NServiceBus.SerializeMessageConnector).Invoke(context8, value(System.Func`2[NServiceBus.Pipeline.IOutgoingPhysicalMessageContext,System.Threading.Tasks.Task])),
                                    context9 => value(NServiceBus.MutateOutgoingTransportMessageBehavior).Invoke(context9, value(System.Func`2[NServiceBus.Pipeline.IOutgoingPhysicalMessageContext,System.Threading.Tasks.Task])),
                                        context10 => value(NServiceBus.OutgoingPhysicalToRoutingConnector).Invoke(context10, value(System.Func`2[NServiceBus.Pipeline.IRoutingContext,System.Threading.Tasks.Task])),
                                            context11 => value(NServiceBus.ThrowIfCannotDeferMessageBehavior).Invoke(context11, value(System.Func`2[NServiceBus.Pipeline.IRoutingContext,System.Threading.Tasks.Task])),
                                                context12 => value(NServiceBus.AttachSenderRelatedInfoOnMessageBehavior).Invoke(context12, value(System.Func`2[NServiceBus.Pipeline.IRoutingContext,System.Threading.Tasks.Task])),
                                                    context13 => value(NServiceBus.RoutingToDispatchConnector).Invoke(context13, value(System.Func`2[NServiceBus.Pipeline.IDispatchContext,System.Threading.Tasks.Task])),
                                                        context14 => value(NServiceBus.ImmediateDispatchTerminator).Invoke(context14, value(System.Func`2[NServiceBus.Pipeline.PipelineTerminator`1+ITerminatingContext[NServiceBus.Pipeline.IDispatchContext],System.Threading.Tasks.Task`1[System.Threading.Tasks.VoidTaskResult]])),

context0 => value(NServiceBus.PopulateAutoCorrelationHeadersForRepliesBehavior).Invoke(context0, value(System.Func`2[NServiceBus.Pipeline.IOutgoingReplyContext,System.Threading.Tasks.Task])),
    context1 => value(NServiceBus.EnforceReplyBestPracticesBehavior).Invoke(context1, value(System.Func`2[NServiceBus.Pipeline.IOutgoingReplyContext,System.Threading.Tasks.Task])),
        context2 => value(NServiceBus.ReplyConnector).Invoke(context2, value(System.Func`2[NServiceBus.Pipeline.IOutgoingLogicalMessageContext,System.Threading.Tasks.Task])),
            context3 => value(NServiceBus.AttachCausationHeadersBehavior).Invoke(context3, value(System.Func`2[NServiceBus.Pipeline.IOutgoingLogicalMessageContext,System.Threading.Tasks.Task])),
                context4 => value(NServiceBus.AttachCorrelationIdBehavior).Invoke(context4, value(System.Func`2[NServiceBus.Pipeline.IOutgoingLogicalMessageContext,System.Threading.Tasks.Task])),
                    context5 => value(NServiceBus.MutateOutgoingMessageBehavior).Invoke(context5, value(System.Func`2[NServiceBus.Pipeline.IOutgoingLogicalMessageContext,System.Threading.Tasks.Task])),
                        context6 => value(NServiceBus.ApplyTimeToBeReceivedBehavior).Invoke(context6, value(System.Func`2[NServiceBus.Pipeline.IOutgoingLogicalMessageContext,System.Threading.Tasks.Task])),
                            context7 => value(NServiceBus.ApplyReplyToAddressBehavior).Invoke(context7, value(System.Func`2[NServiceBus.Pipeline.IOutgoingLogicalMessageContext,System.Threading.Tasks.Task])),
                                context8 => value(NServiceBus.AddHostInfoHeadersBehavior).Invoke(context8, value(System.Func`2[NServiceBus.Pipeline.IOutgoingLogicalMessageContext,System.Threading.Tasks.Task])),
                                    context9 => value(NServiceBus.SerializeMessageConnector).Invoke(context9, value(System.Func`2[NServiceBus.Pipeline.IOutgoingPhysicalMessageContext,System.Threading.Tasks.Task])),
                                        context10 => value(NServiceBus.MutateOutgoingTransportMessageBehavior).Invoke(context10, value(System.Func`2[NServiceBus.Pipeline.IOutgoingPhysicalMessageContext,System.Threading.Tasks.Task])),
                                            context11 => value(NServiceBus.OutgoingPhysicalToRoutingConnector).Invoke(context11, value(System.Func`2[NServiceBus.Pipeline.IRoutingContext,System.Threading.Tasks.Task])),
                                                context12 => value(NServiceBus.ThrowIfCannotDeferMessageBehavior).Invoke(context12, value(System.Func`2[NServiceBus.Pipeline.IRoutingContext,System.Threading.Tasks.Task])),
                                                    context13 => value(NServiceBus.AttachSenderRelatedInfoOnMessageBehavior).Invoke(context13, value(System.Func`2[NServiceBus.Pipeline.IRoutingContext,System.Threading.Tasks.Task])),
                                                        context14 => value(NServiceBus.RoutingToDispatchConnector).Invoke(context14, value(System.Func`2[NServiceBus.Pipeline.IDispatchContext,System.Threading.Tasks.Task])),
                                                            context15 => value(NServiceBus.ImmediateDispatchTerminator).Invoke(context15, value(System.Func`2[NServiceBus.Pipeline.PipelineTerminator`1+ITerminatingContext[NServiceBus.Pipeline.IDispatchContext],System.Threading.Tasks.Task`1[System.Threading.Tasks.VoidTaskResult]])),

context0 => value(NServiceBus.EnforceSubscribeBestPracticesBehavior).Invoke(context0, value(System.Func`2[NServiceBus.Pipeline.ISubscribeContext,System.Threading.Tasks.Task])),
    context1 => value(NServiceBus.MessageDrivenSubscribeTerminator).Invoke(context1, value(System.Func`2[NServiceBus.Pipeline.PipelineTerminator`1+ITerminatingContext[NServiceBus.Pipeline.ISubscribeContext],System.Threading.Tasks.Task`1[System.Threading.Tasks.VoidTaskResult]])),

context0 => value(NServiceBus.EnforceUnsubscribeBestPracticesBehavior).Invoke(context0, value(System.Func`2[NServiceBus.Pipeline.IUnsubscribeContext,System.Threading.Tasks.Task])),
    context1 => value(NServiceBus.MessageDrivenUnsubscribeTerminator).Invoke(context1, value(System.Func`2[NServiceBus.Pipeline.PipelineTerminator`1+ITerminatingContext[NServiceBus.Pipeline.IUnsubscribeContext],System.Threading.Tasks.Task`1[System.Threading.Tasks.VoidTaskResult]])),

context0 => value(NServiceBus.AcceptanceTesting.Support.CaptureExceptionBehavior).Invoke(context0, value(System.Func`2[NServiceBus.Pipeline.ITransportReceiveContext,System.Threading.Tasks.Task])),
    context1 => value(NServiceBus.TransportReceiveToPhysicalMessageConnector).Invoke(context1, value(System.Func`2[NServiceBus.Pipeline.IIncomingPhysicalMessageContext,System.Threading.Tasks.Task])),
        context2 => value(NServiceBus.ProcessingStatisticsBehavior).Invoke(context2, value(System.Func`2[NServiceBus.Pipeline.IIncomingPhysicalMessageContext,System.Threading.Tasks.Task])),
            context3 => value(NServiceBus.MutateIncomingTransportMessageBehavior).Invoke(context3, value(System.Func`2[NServiceBus.Pipeline.IIncomingPhysicalMessageContext,System.Threading.Tasks.Task])),
                context4 => value(NServiceBus.SubscriptionReceiverBehavior).Invoke(context4, value(System.Func`2[NServiceBus.Pipeline.IIncomingPhysicalMessageContext,System.Threading.Tasks.Task])),
                    context5 => value(NServiceBus.UnitOfWorkBehavior).Invoke(context5, value(System.Func`2[NServiceBus.Pipeline.IIncomingPhysicalMessageContext,System.Threading.Tasks.Task])),
                        context6 => value(NServiceBus.DeserializeMessageConnector).Invoke(context6, value(System.Func`2[NServiceBus.Pipeline.IIncomingLogicalMessageContext,System.Threading.Tasks.Task])),
                            context7 => value(NServiceBus.MutateIncomingMessageBehavior).Invoke(context7, value(System.Func`2[NServiceBus.Pipeline.IIncomingLogicalMessageContext,System.Threading.Tasks.Task])),
                                context8 => value(NServiceBus.InferredMessageTypeEnricherBehavior).Invoke(context8, value(System.Func`2[NServiceBus.Pipeline.IIncomingLogicalMessageContext,System.Threading.Tasks.Task])),
                                    context9 => value(NServiceBus.LoadHandlersConnector).Invoke(context9, value(System.Func`2[NServiceBus.Pipeline.IInvokeHandlerContext,System.Threading.Tasks.Task])),
                                        context10 => value(NServiceBus.InvokeHandlerTerminator).Invoke(context10, value(System.Func`2[NServiceBus.Pipeline.PipelineTerminator`1+ITerminatingContext[NServiceBus.Pipeline.IInvokeHandlerContext],System.Threading.Tasks.Task`1[System.Threading.Tasks.VoidTaskResult]])),
