context0 => Convert(context0.Extensions.Behaviors[0], EnforcePublishBestPracticesBehavior).Invoke(context0, value(System.Func`2[NServiceBus.Pipeline.IOutgoingPublishContext,System.Threading.Tasks.Task])),
    context1 => Convert(context1.Extensions.Behaviors[1], UnicastPublishConnector).Invoke(context1, value(System.Func`2[NServiceBus.Pipeline.IOutgoingLogicalMessageContext,System.Threading.Tasks.Task])),
        context2 => Convert(context2.Extensions.Behaviors[2], AttachCausationHeadersBehavior).Invoke(context2, value(System.Func`2[NServiceBus.Pipeline.IOutgoingLogicalMessageContext,System.Threading.Tasks.Task])),
            context3 => Convert(context3.Extensions.Behaviors[3], AttachCorrelationIdBehavior).Invoke(context3, value(System.Func`2[NServiceBus.Pipeline.IOutgoingLogicalMessageContext,System.Threading.Tasks.Task])),
                context4 => Convert(context4.Extensions.Behaviors[4], MutateOutgoingMessageBehavior).Invoke(context4, value(System.Func`2[NServiceBus.Pipeline.IOutgoingLogicalMessageContext,System.Threading.Tasks.Task])),
                    context5 => Convert(context5.Extensions.Behaviors[5], ApplyTimeToBeReceivedBehavior).Invoke(context5, value(System.Func`2[NServiceBus.Pipeline.IOutgoingLogicalMessageContext,System.Threading.Tasks.Task])),
                        context6 => Convert(context6.Extensions.Behaviors[6], ApplyReplyToAddressBehavior).Invoke(context6, value(System.Func`2[NServiceBus.Pipeline.IOutgoingLogicalMessageContext,System.Threading.Tasks.Task])),
                            context7 => Convert(context7.Extensions.Behaviors[7], AddHostInfoHeadersBehavior).Invoke(context7, value(System.Func`2[NServiceBus.Pipeline.IOutgoingLogicalMessageContext,System.Threading.Tasks.Task])),
                                context8 => Convert(context8.Extensions.Behaviors[8], SerializeMessageConnector).Invoke(context8, value(System.Func`2[NServiceBus.Pipeline.IOutgoingPhysicalMessageContext,System.Threading.Tasks.Task])),
                                    context9 => Convert(context9.Extensions.Behaviors[9], MutateOutgoingTransportMessageBehavior).Invoke(context9, value(System.Func`2[NServiceBus.Pipeline.IOutgoingPhysicalMessageContext,System.Threading.Tasks.Task])),
                                        context10 => Convert(context10.Extensions.Behaviors[10], OutgoingPhysicalToRoutingConnector).Invoke(context10, value(System.Func`2[NServiceBus.Pipeline.IRoutingContext,System.Threading.Tasks.Task])),
                                            context11 => Convert(context11.Extensions.Behaviors[11], ThrowIfCannotDeferMessageBehavior).Invoke(context11, value(System.Func`2[NServiceBus.Pipeline.IRoutingContext,System.Threading.Tasks.Task])),
                                                context12 => Convert(context12.Extensions.Behaviors[12], AttachSenderRelatedInfoOnMessageBehavior).Invoke(context12, value(System.Func`2[NServiceBus.Pipeline.IRoutingContext,System.Threading.Tasks.Task])),
                                                    context13 => Convert(context13.Extensions.Behaviors[13], RoutingToDispatchConnector).Invoke(context13, value(System.Func`2[NServiceBus.Pipeline.IDispatchContext,System.Threading.Tasks.Task])),
                                                        context14 => Convert(context14.Extensions.Behaviors[14], ImmediateDispatchTerminator).Invoke(context14, value(System.Func`2[NServiceBus.Pipeline.PipelineTerminator`1+ITerminatingContext[NServiceBus.Pipeline.IDispatchContext],System.Threading.Tasks.Task`1[System.Threading.Tasks.VoidTaskResult]])),

context0 => Convert(context0.Extensions.Behaviors[0], EnforceSendBestPracticesBehavior).Invoke(context0, value(System.Func`2[NServiceBus.Pipeline.IOutgoingSendContext,System.Threading.Tasks.Task])),
    context1 => Convert(context1.Extensions.Behaviors[1], SendConnector).Invoke(context1, value(System.Func`2[NServiceBus.Pipeline.IOutgoingLogicalMessageContext,System.Threading.Tasks.Task])),
        context2 => Convert(context2.Extensions.Behaviors[2], AttachCausationHeadersBehavior).Invoke(context2, value(System.Func`2[NServiceBus.Pipeline.IOutgoingLogicalMessageContext,System.Threading.Tasks.Task])),
            context3 => Convert(context3.Extensions.Behaviors[3], AttachCorrelationIdBehavior).Invoke(context3, value(System.Func`2[NServiceBus.Pipeline.IOutgoingLogicalMessageContext,System.Threading.Tasks.Task])),
                context4 => Convert(context4.Extensions.Behaviors[4], MutateOutgoingMessageBehavior).Invoke(context4, value(System.Func`2[NServiceBus.Pipeline.IOutgoingLogicalMessageContext,System.Threading.Tasks.Task])),
                    context5 => Convert(context5.Extensions.Behaviors[5], ApplyTimeToBeReceivedBehavior).Invoke(context5, value(System.Func`2[NServiceBus.Pipeline.IOutgoingLogicalMessageContext,System.Threading.Tasks.Task])),
                        context6 => Convert(context6.Extensions.Behaviors[6], ApplyReplyToAddressBehavior).Invoke(context6, value(System.Func`2[NServiceBus.Pipeline.IOutgoingLogicalMessageContext,System.Threading.Tasks.Task])),
                            context7 => Convert(context7.Extensions.Behaviors[7], AddHostInfoHeadersBehavior).Invoke(context7, value(System.Func`2[NServiceBus.Pipeline.IOutgoingLogicalMessageContext,System.Threading.Tasks.Task])),
                                context8 => Convert(context8.Extensions.Behaviors[8], SerializeMessageConnector).Invoke(context8, value(System.Func`2[NServiceBus.Pipeline.IOutgoingPhysicalMessageContext,System.Threading.Tasks.Task])),
                                    context9 => Convert(context9.Extensions.Behaviors[9], MutateOutgoingTransportMessageBehavior).Invoke(context9, value(System.Func`2[NServiceBus.Pipeline.IOutgoingPhysicalMessageContext,System.Threading.Tasks.Task])),
                                        context10 => Convert(context10.Extensions.Behaviors[10], OutgoingPhysicalToRoutingConnector).Invoke(context10, value(System.Func`2[NServiceBus.Pipeline.IRoutingContext,System.Threading.Tasks.Task])),
                                            context11 => Convert(context11.Extensions.Behaviors[11], ThrowIfCannotDeferMessageBehavior).Invoke(context11, value(System.Func`2[NServiceBus.Pipeline.IRoutingContext,System.Threading.Tasks.Task])),
                                                context12 => Convert(context12.Extensions.Behaviors[12], AttachSenderRelatedInfoOnMessageBehavior).Invoke(context12, value(System.Func`2[NServiceBus.Pipeline.IRoutingContext,System.Threading.Tasks.Task])),
                                                    context13 => Convert(context13.Extensions.Behaviors[13], RoutingToDispatchConnector).Invoke(context13, value(System.Func`2[NServiceBus.Pipeline.IDispatchContext,System.Threading.Tasks.Task])),
                                                        context14 => Convert(context14.Extensions.Behaviors[14], ImmediateDispatchTerminator).Invoke(context14, value(System.Func`2[NServiceBus.Pipeline.PipelineTerminator`1+ITerminatingContext[NServiceBus.Pipeline.IDispatchContext],System.Threading.Tasks.Task`1[System.Threading.Tasks.VoidTaskResult]])),

context0 => Convert(context0.Extensions.Behaviors[0], PopulateAutoCorrelationHeadersForRepliesBehavior).Invoke(context0, value(System.Func`2[NServiceBus.Pipeline.IOutgoingReplyContext,System.Threading.Tasks.Task])),
    context1 => Convert(context1.Extensions.Behaviors[1], EnforceReplyBestPracticesBehavior).Invoke(context1, value(System.Func`2[NServiceBus.Pipeline.IOutgoingReplyContext,System.Threading.Tasks.Task])),
        context2 => Convert(context2.Extensions.Behaviors[2], ReplyConnector).Invoke(context2, value(System.Func`2[NServiceBus.Pipeline.IOutgoingLogicalMessageContext,System.Threading.Tasks.Task])),
            context3 => Convert(context3.Extensions.Behaviors[3], AttachCausationHeadersBehavior).Invoke(context3, value(System.Func`2[NServiceBus.Pipeline.IOutgoingLogicalMessageContext,System.Threading.Tasks.Task])),
                context4 => Convert(context4.Extensions.Behaviors[4], AttachCorrelationIdBehavior).Invoke(context4, value(System.Func`2[NServiceBus.Pipeline.IOutgoingLogicalMessageContext,System.Threading.Tasks.Task])),
                    context5 => Convert(context5.Extensions.Behaviors[5], MutateOutgoingMessageBehavior).Invoke(context5, value(System.Func`2[NServiceBus.Pipeline.IOutgoingLogicalMessageContext,System.Threading.Tasks.Task])),
                        context6 => Convert(context6.Extensions.Behaviors[6], ApplyTimeToBeReceivedBehavior).Invoke(context6, value(System.Func`2[NServiceBus.Pipeline.IOutgoingLogicalMessageContext,System.Threading.Tasks.Task])),
                            context7 => Convert(context7.Extensions.Behaviors[7], ApplyReplyToAddressBehavior).Invoke(context7, value(System.Func`2[NServiceBus.Pipeline.IOutgoingLogicalMessageContext,System.Threading.Tasks.Task])),
                                context8 => Convert(context8.Extensions.Behaviors[8], AddHostInfoHeadersBehavior).Invoke(context8, value(System.Func`2[NServiceBus.Pipeline.IOutgoingLogicalMessageContext,System.Threading.Tasks.Task])),
                                    context9 => Convert(context9.Extensions.Behaviors[9], SerializeMessageConnector).Invoke(context9, value(System.Func`2[NServiceBus.Pipeline.IOutgoingPhysicalMessageContext,System.Threading.Tasks.Task])),
                                        context10 => Convert(context10.Extensions.Behaviors[10], MutateOutgoingTransportMessageBehavior).Invoke(context10, value(System.Func`2[NServiceBus.Pipeline.IOutgoingPhysicalMessageContext,System.Threading.Tasks.Task])),
                                            context11 => Convert(context11.Extensions.Behaviors[11], OutgoingPhysicalToRoutingConnector).Invoke(context11, value(System.Func`2[NServiceBus.Pipeline.IRoutingContext,System.Threading.Tasks.Task])),
                                                context12 => Convert(context12.Extensions.Behaviors[12], ThrowIfCannotDeferMessageBehavior).Invoke(context12, value(System.Func`2[NServiceBus.Pipeline.IRoutingContext,System.Threading.Tasks.Task])),
                                                    context13 => Convert(context13.Extensions.Behaviors[13], AttachSenderRelatedInfoOnMessageBehavior).Invoke(context13, value(System.Func`2[NServiceBus.Pipeline.IRoutingContext,System.Threading.Tasks.Task])),
                                                        context14 => Convert(context14.Extensions.Behaviors[14], RoutingToDispatchConnector).Invoke(context14, value(System.Func`2[NServiceBus.Pipeline.IDispatchContext,System.Threading.Tasks.Task])),
                                                            context15 => Convert(context15.Extensions.Behaviors[15], ImmediateDispatchTerminator).Invoke(context15, value(System.Func`2[NServiceBus.Pipeline.PipelineTerminator`1+ITerminatingContext[NServiceBus.Pipeline.IDispatchContext],System.Threading.Tasks.Task`1[System.Threading.Tasks.VoidTaskResult]])),

context0 => Convert(context0.Extensions.Behaviors[0], EnforceSubscribeBestPracticesBehavior).Invoke(context0, value(System.Func`2[NServiceBus.Pipeline.ISubscribeContext,System.Threading.Tasks.Task])),
    context1 => Convert(context1.Extensions.Behaviors[1], MessageDrivenSubscribeTerminator).Invoke(context1, value(System.Func`2[NServiceBus.Pipeline.PipelineTerminator`1+ITerminatingContext[NServiceBus.Pipeline.ISubscribeContext],System.Threading.Tasks.Task`1[System.Threading.Tasks.VoidTaskResult]])),

context0 => Convert(context0.Extensions.Behaviors[0], EnforceUnsubscribeBestPracticesBehavior).Invoke(context0, value(System.Func`2[NServiceBus.Pipeline.IUnsubscribeContext,System.Threading.Tasks.Task])),
    context1 => Convert(context1.Extensions.Behaviors[1], MessageDrivenUnsubscribeTerminator).Invoke(context1, value(System.Func`2[NServiceBus.Pipeline.PipelineTerminator`1+ITerminatingContext[NServiceBus.Pipeline.IUnsubscribeContext],System.Threading.Tasks.Task`1[System.Threading.Tasks.VoidTaskResult]])),

context0 => Convert(context0.Extensions.Behaviors[0], CaptureExceptionBehavior).Invoke(context0, value(System.Func`2[NServiceBus.Pipeline.ITransportReceiveContext,System.Threading.Tasks.Task])),
    context1 => Convert(context1.Extensions.Behaviors[1], RetryAcknowledgementBehavior).Invoke(context1, value(System.Func`2[NServiceBus.Pipeline.ITransportReceiveContext,System.Threading.Tasks.Task])),
        context2 => Convert(context2.Extensions.Behaviors[2], TransportReceiveToPhysicalMessageConnector).Invoke(context2, value(System.Func`2[NServiceBus.Pipeline.IIncomingPhysicalMessageContext,System.Threading.Tasks.Task])),
            context3 => Convert(context3.Extensions.Behaviors[3], SubscriptionReceiverBehavior).Invoke(context3, value(System.Func`2[NServiceBus.Pipeline.IIncomingPhysicalMessageContext,System.Threading.Tasks.Task])),
                context4 => Convert(context4.Extensions.Behaviors[4], ProcessingStatisticsBehavior).Invoke(context4, value(System.Func`2[NServiceBus.Pipeline.IIncomingPhysicalMessageContext,System.Threading.Tasks.Task])),
                    context5 => Convert(context5.Extensions.Behaviors[5], MutateIncomingTransportMessageBehavior).Invoke(context5, value(System.Func`2[NServiceBus.Pipeline.IIncomingPhysicalMessageContext,System.Threading.Tasks.Task])),
                        context6 => Convert(context6.Extensions.Behaviors[6], UnitOfWorkBehavior).Invoke(context6, value(System.Func`2[NServiceBus.Pipeline.IIncomingPhysicalMessageContext,System.Threading.Tasks.Task])),
                            context7 => Convert(context7.Extensions.Behaviors[7], DeserializeMessageConnector).Invoke(context7, value(System.Func`2[NServiceBus.Pipeline.IIncomingLogicalMessageContext,System.Threading.Tasks.Task])),
                                context8 => Convert(context8.Extensions.Behaviors[8], MutateIncomingMessageBehavior).Invoke(context8, value(System.Func`2[NServiceBus.Pipeline.IIncomingLogicalMessageContext,System.Threading.Tasks.Task])),
                                    context9 => Convert(context9.Extensions.Behaviors[9], InferredMessageTypeEnricherBehavior).Invoke(context9, value(System.Func`2[NServiceBus.Pipeline.IIncomingLogicalMessageContext,System.Threading.Tasks.Task])),
                                        context10 => Convert(context10.Extensions.Behaviors[10], LoadHandlersConnector).Invoke(context10, value(System.Func`2[NServiceBus.Pipeline.IInvokeHandlerContext,System.Threading.Tasks.Task])),
                                            context11 => Convert(context11.Extensions.Behaviors[11], InvokeHandlerTerminator).Invoke(context11, value(System.Func`2[NServiceBus.Pipeline.PipelineTerminator`1+ITerminatingContext[NServiceBus.Pipeline.IInvokeHandlerContext],System.Threading.Tasks.Task`1[System.Threading.Tasks.VoidTaskResult]])),
