context0 => Convert(context0.Extensions.Behaviors[0]).Invoke(context0, value(System.Func`2[NServiceBus.Pipeline.IOutgoingPublishContext,System.Threading.Tasks.Task])),
    context1 => Convert(context1.Extensions.Behaviors[1]).Invoke(context1, value(System.Func`2[NServiceBus.Pipeline.IOutgoingLogicalMessageContext,System.Threading.Tasks.Task])),
        context2 => Convert(context2.Extensions.Behaviors[2]).Invoke(context2, value(System.Func`2[NServiceBus.Pipeline.IOutgoingLogicalMessageContext,System.Threading.Tasks.Task])),
            context3 => Convert(context3.Extensions.Behaviors[3]).Invoke(context3, value(System.Func`2[NServiceBus.Pipeline.IOutgoingLogicalMessageContext,System.Threading.Tasks.Task])),
                context4 => Convert(context4.Extensions.Behaviors[4]).Invoke(context4, value(System.Func`2[NServiceBus.Pipeline.IOutgoingLogicalMessageContext,System.Threading.Tasks.Task])),
                    context5 => Convert(context5.Extensions.Behaviors[5]).Invoke(context5, value(System.Func`2[NServiceBus.Pipeline.IOutgoingLogicalMessageContext,System.Threading.Tasks.Task])),
                        context6 => Convert(context6.Extensions.Behaviors[6]).Invoke(context6, value(System.Func`2[NServiceBus.Pipeline.IOutgoingLogicalMessageContext,System.Threading.Tasks.Task])),
                            context7 => Convert(context7.Extensions.Behaviors[7]).Invoke(context7, value(System.Func`2[NServiceBus.Pipeline.IOutgoingLogicalMessageContext,System.Threading.Tasks.Task])),
                                context8 => Convert(context8.Extensions.Behaviors[8]).Invoke(context8, value(System.Func`2[NServiceBus.Pipeline.IOutgoingPhysicalMessageContext,System.Threading.Tasks.Task])),
                                    context9 => Convert(context9.Extensions.Behaviors[9]).Invoke(context9, value(System.Func`2[NServiceBus.Pipeline.IOutgoingPhysicalMessageContext,System.Threading.Tasks.Task])),
                                        context10 => Convert(context10.Extensions.Behaviors[10]).Invoke(context10, value(System.Func`2[NServiceBus.Pipeline.IRoutingContext,System.Threading.Tasks.Task])),
                                            context11 => Convert(context11.Extensions.Behaviors[11]).Invoke(context11, value(System.Func`2[NServiceBus.Pipeline.IRoutingContext,System.Threading.Tasks.Task])),
                                                context12 => Convert(context12.Extensions.Behaviors[12]).Invoke(context12, value(System.Func`2[NServiceBus.Pipeline.IRoutingContext,System.Threading.Tasks.Task])),
                                                    context13 => Convert(context13.Extensions.Behaviors[13]).Invoke(context13, value(System.Func`2[NServiceBus.Pipeline.IDispatchContext,System.Threading.Tasks.Task])),
                                                        context14 => Convert(context14.Extensions.Behaviors[14]).Invoke(context14, value(System.Func`2[NServiceBus.Pipeline.PipelineTerminator`1+ITerminatingContext[NServiceBus.Pipeline.IDispatchContext],System.Threading.Tasks.Task])),

context0 => Convert(context0.Extensions.Behaviors[0]).Invoke(context0, value(System.Func`2[NServiceBus.Pipeline.IOutgoingSendContext,System.Threading.Tasks.Task])),
    context1 => Convert(context1.Extensions.Behaviors[1]).Invoke(context1, value(System.Func`2[NServiceBus.Pipeline.IOutgoingLogicalMessageContext,System.Threading.Tasks.Task])),
        context2 => Convert(context2.Extensions.Behaviors[2]).Invoke(context2, value(System.Func`2[NServiceBus.Pipeline.IOutgoingLogicalMessageContext,System.Threading.Tasks.Task])),
            context3 => Convert(context3.Extensions.Behaviors[3]).Invoke(context3, value(System.Func`2[NServiceBus.Pipeline.IOutgoingLogicalMessageContext,System.Threading.Tasks.Task])),
                context4 => Convert(context4.Extensions.Behaviors[4]).Invoke(context4, value(System.Func`2[NServiceBus.Pipeline.IOutgoingLogicalMessageContext,System.Threading.Tasks.Task])),
                    context5 => Convert(context5.Extensions.Behaviors[5]).Invoke(context5, value(System.Func`2[NServiceBus.Pipeline.IOutgoingLogicalMessageContext,System.Threading.Tasks.Task])),
                        context6 => Convert(context6.Extensions.Behaviors[6]).Invoke(context6, value(System.Func`2[NServiceBus.Pipeline.IOutgoingLogicalMessageContext,System.Threading.Tasks.Task])),
                            context7 => Convert(context7.Extensions.Behaviors[7]).Invoke(context7, value(System.Func`2[NServiceBus.Pipeline.IOutgoingLogicalMessageContext,System.Threading.Tasks.Task])),
                                context8 => Convert(context8.Extensions.Behaviors[8]).Invoke(context8, value(System.Func`2[NServiceBus.Pipeline.IOutgoingPhysicalMessageContext,System.Threading.Tasks.Task])),
                                    context9 => Convert(context9.Extensions.Behaviors[9]).Invoke(context9, value(System.Func`2[NServiceBus.Pipeline.IOutgoingPhysicalMessageContext,System.Threading.Tasks.Task])),
                                        context10 => Convert(context10.Extensions.Behaviors[10]).Invoke(context10, value(System.Func`2[NServiceBus.Pipeline.IRoutingContext,System.Threading.Tasks.Task])),
                                            context11 => Convert(context11.Extensions.Behaviors[11]).Invoke(context11, value(System.Func`2[NServiceBus.Pipeline.IRoutingContext,System.Threading.Tasks.Task])),
                                                context12 => Convert(context12.Extensions.Behaviors[12]).Invoke(context12, value(System.Func`2[NServiceBus.Pipeline.IRoutingContext,System.Threading.Tasks.Task])),
                                                    context13 => Convert(context13.Extensions.Behaviors[13]).Invoke(context13, value(System.Func`2[NServiceBus.Pipeline.IDispatchContext,System.Threading.Tasks.Task])),
                                                        context14 => Convert(context14.Extensions.Behaviors[14]).Invoke(context14, value(System.Func`2[NServiceBus.Pipeline.PipelineTerminator`1+ITerminatingContext[NServiceBus.Pipeline.IDispatchContext],System.Threading.Tasks.Task])),

context0 => Convert(context0.Extensions.Behaviors[0]).Invoke(context0, value(System.Func`2[NServiceBus.Pipeline.IOutgoingReplyContext,System.Threading.Tasks.Task])),
    context1 => Convert(context1.Extensions.Behaviors[1]).Invoke(context1, value(System.Func`2[NServiceBus.Pipeline.IOutgoingReplyContext,System.Threading.Tasks.Task])),
        context2 => Convert(context2.Extensions.Behaviors[2]).Invoke(context2, value(System.Func`2[NServiceBus.Pipeline.IOutgoingLogicalMessageContext,System.Threading.Tasks.Task])),
            context3 => Convert(context3.Extensions.Behaviors[3]).Invoke(context3, value(System.Func`2[NServiceBus.Pipeline.IOutgoingLogicalMessageContext,System.Threading.Tasks.Task])),
                context4 => Convert(context4.Extensions.Behaviors[4]).Invoke(context4, value(System.Func`2[NServiceBus.Pipeline.IOutgoingLogicalMessageContext,System.Threading.Tasks.Task])),
                    context5 => Convert(context5.Extensions.Behaviors[5]).Invoke(context5, value(System.Func`2[NServiceBus.Pipeline.IOutgoingLogicalMessageContext,System.Threading.Tasks.Task])),
                        context6 => Convert(context6.Extensions.Behaviors[6]).Invoke(context6, value(System.Func`2[NServiceBus.Pipeline.IOutgoingLogicalMessageContext,System.Threading.Tasks.Task])),
                            context7 => Convert(context7.Extensions.Behaviors[7]).Invoke(context7, value(System.Func`2[NServiceBus.Pipeline.IOutgoingLogicalMessageContext,System.Threading.Tasks.Task])),
                                context8 => Convert(context8.Extensions.Behaviors[8]).Invoke(context8, value(System.Func`2[NServiceBus.Pipeline.IOutgoingLogicalMessageContext,System.Threading.Tasks.Task])),
                                    context9 => Convert(context9.Extensions.Behaviors[9]).Invoke(context9, value(System.Func`2[NServiceBus.Pipeline.IOutgoingPhysicalMessageContext,System.Threading.Tasks.Task])),
                                        context10 => Convert(context10.Extensions.Behaviors[10]).Invoke(context10, value(System.Func`2[NServiceBus.Pipeline.IOutgoingPhysicalMessageContext,System.Threading.Tasks.Task])),
                                            context11 => Convert(context11.Extensions.Behaviors[11]).Invoke(context11, value(System.Func`2[NServiceBus.Pipeline.IRoutingContext,System.Threading.Tasks.Task])),
                                                context12 => Convert(context12.Extensions.Behaviors[12]).Invoke(context12, value(System.Func`2[NServiceBus.Pipeline.IRoutingContext,System.Threading.Tasks.Task])),
                                                    context13 => Convert(context13.Extensions.Behaviors[13]).Invoke(context13, value(System.Func`2[NServiceBus.Pipeline.IRoutingContext,System.Threading.Tasks.Task])),
                                                        context14 => Convert(context14.Extensions.Behaviors[14]).Invoke(context14, value(System.Func`2[NServiceBus.Pipeline.IDispatchContext,System.Threading.Tasks.Task])),
                                                            context15 => Convert(context15.Extensions.Behaviors[15]).Invoke(context15, value(System.Func`2[NServiceBus.Pipeline.PipelineTerminator`1+ITerminatingContext[NServiceBus.Pipeline.IDispatchContext],System.Threading.Tasks.Task])),

context0 => Convert(context0.Extensions.Behaviors[0]).Invoke(context0, value(System.Func`2[NServiceBus.Pipeline.ISubscribeContext,System.Threading.Tasks.Task])),
    context1 => Convert(context1.Extensions.Behaviors[1]).Invoke(context1, value(System.Func`2[NServiceBus.Pipeline.PipelineTerminator`1+ITerminatingContext[NServiceBus.Pipeline.ISubscribeContext],System.Threading.Tasks.Task])),

context0 => Convert(context0.Extensions.Behaviors[0]).Invoke(context0, value(System.Func`2[NServiceBus.Pipeline.IUnsubscribeContext,System.Threading.Tasks.Task])),
    context1 => Convert(context1.Extensions.Behaviors[1]).Invoke(context1, value(System.Func`2[NServiceBus.Pipeline.PipelineTerminator`1+ITerminatingContext[NServiceBus.Pipeline.IUnsubscribeContext],System.Threading.Tasks.Task])),

context0 => Convert(context0.Extensions.Behaviors[0]).Invoke(context0, value(System.Func`2[NServiceBus.Pipeline.ITransportReceiveContext,System.Threading.Tasks.Task])),
    context1 => Convert(context1.Extensions.Behaviors[1]).Invoke(context1, value(System.Func`2[NServiceBus.Pipeline.ITransportReceiveContext,System.Threading.Tasks.Task])),
        context2 => Convert(context2.Extensions.Behaviors[2]).Invoke(context2, value(System.Func`2[NServiceBus.Pipeline.IIncomingPhysicalMessageContext,System.Threading.Tasks.Task])),
            context3 => Convert(context3.Extensions.Behaviors[3]).Invoke(context3, value(System.Func`2[NServiceBus.Pipeline.IIncomingPhysicalMessageContext,System.Threading.Tasks.Task])),
                context4 => Convert(context4.Extensions.Behaviors[4]).Invoke(context4, value(System.Func`2[NServiceBus.Pipeline.IIncomingPhysicalMessageContext,System.Threading.Tasks.Task])),
                    context5 => Convert(context5.Extensions.Behaviors[5]).Invoke(context5, value(System.Func`2[NServiceBus.Pipeline.IIncomingPhysicalMessageContext,System.Threading.Tasks.Task])),
                        context6 => Convert(context6.Extensions.Behaviors[6]).Invoke(context6, value(System.Func`2[NServiceBus.Pipeline.IIncomingLogicalMessageContext,System.Threading.Tasks.Task])),
                            context7 => Convert(context7.Extensions.Behaviors[7]).Invoke(context7, value(System.Func`2[NServiceBus.Pipeline.IIncomingLogicalMessageContext,System.Threading.Tasks.Task])),
                                context8 => Convert(context8.Extensions.Behaviors[8]).Invoke(context8, value(System.Func`2[NServiceBus.Pipeline.IIncomingLogicalMessageContext,System.Threading.Tasks.Task])),
                                    context9 => Convert(context9.Extensions.Behaviors[9]).Invoke(context9, value(System.Func`2[NServiceBus.Pipeline.IInvokeHandlerContext,System.Threading.Tasks.Task])),
                                        context10 => Convert(context10.Extensions.Behaviors[10]).Invoke(context10, value(System.Func`2[NServiceBus.Pipeline.PipelineTerminator`1+ITerminatingContext[NServiceBus.Pipeline.IInvokeHandlerContext],System.Threading.Tasks.Task])),

context0 => Convert(context0.Extensions.Behaviors[0]).Invoke(context0, value(System.Func`2[NServiceBus.Pipeline.IRoutingContext,System.Threading.Tasks.Task])),
    context1 => Convert(context1.Extensions.Behaviors[1]).Invoke(context1, value(System.Func`2[NServiceBus.Pipeline.IRoutingContext,System.Threading.Tasks.Task])),
        context2 => Convert(context2.Extensions.Behaviors[2]).Invoke(context2, value(System.Func`2[NServiceBus.Pipeline.IRoutingContext,System.Threading.Tasks.Task])),
            context3 => Convert(context3.Extensions.Behaviors[3]).Invoke(context3, value(System.Func`2[NServiceBus.Pipeline.IDispatchContext,System.Threading.Tasks.Task])),
                context4 => Convert(context4.Extensions.Behaviors[4]).Invoke(context4, value(System.Func`2[NServiceBus.Pipeline.PipelineTerminator`1+ITerminatingContext[NServiceBus.Pipeline.IDispatchContext],System.Threading.Tasks.Task])),
