----------- Public registrations used by Core -----------
NServiceBus.Persistence.ICompletableSynchronizedStorageSession - Scoped
NServiceBus.ReceiveAddresses - Singleton
NServiceBus.Transport.IMessageDispatcher - Singleton
NServiceBus.Transport.ISubscriptionManager - Singleton
NServiceBus.Unicast.MessageHandlerRegistry - Singleton
NServiceBus.Unicast.Messages.MessageMetadataRegistry - Singleton
----------- Public registrations not used by Core -----------
NServiceBus.CriticalError - Singleton
NServiceBus.Hosting.HostInformation - Singleton
NServiceBus.IHandleMessages`1[[NServiceBus.AcceptanceTests.Core.DependencyInjection.When_endpoint_is_warmed_up+SomeMessage, NServiceBus.Learning.AcceptanceTests, Version=1.0.0.0, Culture=neutral, PublicKeyToken=null]] - Scoped
NServiceBus.IMessageCreator - Singleton
NServiceBus.MessageInterfaces.IMessageMapper - Singleton
NServiceBus.Notifications - Singleton
NServiceBus.Persistence.ISynchronizedStorageSession - Scoped
NServiceBus.Pipeline.IBehavior - Transient
NServiceBus.Pipeline.IBehavior`2[[NServiceBus.Pipeline.IIncomingLogicalMessageContext, NServiceBus.Core, Version=8.0.0.0, Culture=neutral, PublicKeyToken=9fc386479f8a226c],[NServiceBus.Pipeline.IIncomingLogicalMessageContext, NServiceBus.Core, Version=8.0.0.0, Culture=neutral, PublicKeyToken=9fc386479f8a226c]] - Transient
NServiceBus.Pipeline.LogicalMessageFactory - Singleton
NServiceBus.Settings.IReadOnlySettings - Singleton
NServiceBus.Transport.ITransportAddressResolver - Singleton
----------- Private registrations used by Core-----------
NServiceBus.InferredMessageTypeEnricherBehavior - Transient
NServiceBus.UnicastSendRouter - Singleton
----------- Private registrations not used by Core -----------
