{
  "Note": "Changes to activity tags should result in ActivitySource version updates",
  "ActivitySourceVersion": "0.1.0",
  "Tags": [
    "SagaId => nservicebus.saga_id",
    "MessageId => nservicebus.message_id",
    "CorrelationId => nservicebus.correlation_id",
    "ReplyToAddress => nservicebus.reply_to_address",
    "NServiceBusVersion => nservicebus.version",
    "ControlMessageHeader => nservicebus.control_message",
    "SagaType => nservicebus.saga_type",
    "OriginatingSagaId => nservicebus.originating_saga_id",
    "OriginatingSagaType => nservicebus.originating_saga_type",
    "DelayedRetries => nservicebus.delayed_retries",
    "DelayedRetriesTimestamp => nservicebus.delayed_retries_timestamp",
    "DeliverAt => nservicebus.deliver_at",
    "RelatedTo => nservicebus.related_to",
    "EnclosedMessageTypes => nservicebus.enclosed_message_types",
    "ContentType => nservicebus.content_type",
    "IsSagaTimeoutMessage => nservicebus.is_saga_timeout",
    "IsDeferredMessage => nservicebus.is_deferred",
    "OriginatingEndpoint => nservicebus.originating_endpoint",
    "OriginatingMachine => nservicebus.originating_machine",
    "OriginatingHostId => nservicebus.originating_host_id",
    "ProcessingEndpoint => nservicebus.processing_endpoint",
    "ProcessingMachine => nservicebus.processing_machine",
    "HostDisplayName => nservicebus.host_display_name",
    "HostId => nservicebus.host_id",
    "HasLicenseExpired => nservicebus.has_license_expired",
    "OriginatingAddress => nservicebus.originating_address",
    "ConversationId => nservicebus.conversation_id",
    "PreviousConversationId => nservicebus.previous_conversation_id",
    "MessageIntent => nservicebus.message_intent",
    "TimeToBeReceived => nservicebus.time_to_be_received",
    "DataBusContentType => nservicebus.databus.content_type",
    "NonDurableMessage => nservicebus.non_durable",
    "NativeMessageId => nservicebus.native_message_id",
    "HandlerType => nservicebus.handler_type",
    "EventTypes => nservicebus.event_types",
    "CancelledTask => nservicebus.cancelled"
  ]
}