Headers.SagaId: NServiceBus.SagaId -> nservicebus.saga.saga_id
Headers.MessageId: NServiceBus.MessageId -> nservicebus.message_id
Headers.CorrelationId: NServiceBus.CorrelationId -> nservicebus.correlation_id
Headers.ReplyToAddress: NServiceBus.ReplyToAddress -> nservicebus.reply_to_address
Headers.NServiceBusVersion: NServiceBus.Version -> nservicebus.version
Headers.ControlMessageHeader: NServiceBus.ControlMessage -> nservicebus.control_message
Headers.SagaType: NServiceBus.SagaType -> nservicebus.saga.saga_type
Headers.OriginatingSagaId: NServiceBus.OriginatingSagaId -> nservicebus.originating_saga_id
Headers.OriginatingSagaType: NServiceBus.OriginatingSagaType -> nservicebus.originating_saga_type
Headers.DelayedRetries: NServiceBus.Retries -> nservicebus.delayed_retries
Headers.DelayedRetriesTimestamp: NServiceBus.Retries.Timestamp -> nservicebus.delayed_retries_timestamp
Headers.DeliverAt: NServiceBus.DeliverAt -> nservicebus.deliver_at
Headers.RelatedTo: NServiceBus.RelatedTo -> nservicebus.related_to
Headers.EnclosedMessageTypes: NServiceBus.EnclosedMessageTypes -> nservicebus.enclosed_message_types
Headers.ContentType: NServiceBus.ContentType -> nservicebus.content_type
Headers.IsSagaTimeoutMessage: NServiceBus.IsSagaTimeoutMessage -> nservicebus.saga.is_timeout
Headers.IsDeferredMessage: NServiceBus.IsDeferredMessage -> nservicebus.is_deferred
Headers.OriginatingEndpoint: NServiceBus.OriginatingEndpoint -> nservicebus.originating_endpoint
Headers.OriginatingMachine: NServiceBus.OriginatingMachine -> nservicebus.originating_machine
Headers.OriginatingHostId: $.diagnostics.originating.hostid -> nservicebus.originating_host_id
Headers.ProcessingEndpoint: NServiceBus.ProcessingEndpoint -> nservicebus.processing_endpoint
Headers.ProcessingMachine: NServiceBus.ProcessingMachine -> nservicebus.processing_machine
Headers.HostDisplayName: $.diagnostics.hostdisplayname -> nservicebus.host.display_name
Headers.HostId: $.diagnostics.hostid -> nservicebus.host.host_id
Headers.HasLicenseExpired: $.diagnostics.license.expired -> nservicebus.has_license_expired
Headers.OriginatingAddress: NServiceBus.OriginatingAddress -> nservicebus.originating_address
Headers.ConversationId: NServiceBus.ConversationId -> nservicebus.conversation_id
Headers.PreviousConversationId: NServiceBus.PreviousConversationId -> nservicebus.previous_conversation_id
Headers.MessageIntent: NServiceBus.MessageIntent -> nservicebus.message_intent
Headers.TimeToBeReceived: NServiceBus.TimeToBeReceived -> nservicebus.time_to_be_received
Headers.DataBusConfigContentType: NServiceBus.DataBusConfig.ContentType -> nservicebus.databus.content_type
Headers.NonDurableMessage: NServiceBus.NonDurableMessage -> nservicebus.non_durable
