{"TypeIndicator":{"SomeType":"NServiceBus.Core.Tests.OpenTelemetry.DiagnosticsWriterTests"}}