Could not enumerate all types for 'MyFile'.
Exceptions:
System.Exception: Generic exception 1
System.Exception: Generic exception 2

FileLoadExceptions:
NServiceBus.Core.Tests, Version=1.0.0.0, Culture=neutral, PublicKeyToken=b50674d1e0c6ce54