Could not enumerate all types for 'MyFile'.
Exceptions:
System.Exception: Generic exception 1
System.Exception: Generic exception 2

FileLoadExceptions:
NServiceBus.Core, Version=10.0.0.0, Culture=neutral, PublicKeyToken=9fc386479f8a226c