Could not enumerate all types for 'MyFile'.

FileLoadExceptions:
NServiceBus.Core.Tests, Version=1.0.0.0, Culture=neutral, PublicKeyToken=b50674d1e0c6ce54