{
  "PrerequisiteStatus": {
    "IsSatisfied": false,
    "Reasons": [
      "Because some \"escaped\" json content"
    ]
  }
}