{
  "testOutput": [
    "hello",
    {
      "key 1": "Key 1 value",
      "key 2": "Key 2 value"
    }
  ]
}