{
  "Note": "Changes to metrics API should result in an update to NServiceBusMeter version.",
  "ActivitySourceVersion": "0.2.0",
  "Tags": [
    "error.type",
    "execution.result",
    "nservicebus.discriminator",
    "nservicebus.failure_type",
    "nservicebus.message_handler_type",
    "nservicebus.message_handler_types",
    "nservicebus.message_type",
    "nservicebus.queue"
  ],
  "Metrics": [
    "nservicebus.messaging.critical_time => Histogram, Unit: s",
    "nservicebus.messaging.failures => Counter",
    "nservicebus.messaging.fetches => Counter",
    "nservicebus.messaging.handler_time => Histogram, Unit: s",
    "nservicebus.messaging.processing_time => Histogram, Unit: s",
    "nservicebus.messaging.successes => Counter"
  ]
}