The following types do not have annotations for nullable reference types.
Changes that make this list longer should not be approved.
-----
NServiceBus.Audit.AuditAction
NServiceBus.Audit.RouteToAudit
NServiceBus.AuditContextExtensions
NServiceBus.AutomaticSubscriptions.Config.AutoSubscribeSettings
NServiceBus.AutoSubscribeSettingsExtensions
NServiceBus.BestPracticesOptionExtensions
NServiceBus.Configuration.AdvancedExtensibility.AdvancedExtensibilityExtensions
NServiceBus.ConfigureAudit
NServiceBus.ConfigureCriticalErrorAction
NServiceBus.ConfigureError
NServiceBus.ConfigureFileShareDataBus
NServiceBus.ConfigureLicenseExtensions
NServiceBus.ConfigurePurging
NServiceBus.ConnectorContextExtensions
NServiceBus.ConsistencyGuarantees.TransactionModeSettingsExtensions
NServiceBus.ContentTypes
NServiceBus.Conventions
NServiceBus.ConventionsBuilder
NServiceBus.ConversationId
NServiceBus.ConversationIdStrategyContext
NServiceBus.ConversationRoutingExtensions
NServiceBus.CriticalError
NServiceBus.CriticalErrorContext
NServiceBus.DataBus.ConventionsBuilderExtensions
NServiceBus.DataBus.DataBusConventions
NServiceBus.DataBus.DataBusExtensions
NServiceBus.DataBus.DataBusExtensions`1
NServiceBus.DataBus.IDataBus
NServiceBus.DataBus.IDataBusSerializer
NServiceBus.DataBusProperty`1
NServiceBus.DateTimeOffsetHelper
NServiceBus.DefaultRecoverabilityPolicy
NServiceBus.DelayedDeliveryOptionExtensions
NServiceBus.DelayedRetriesSettings
NServiceBus.DelayedRetry
NServiceBus.DiagnosticSettingsExtensions
NServiceBus.Discard
NServiceBus.DistributionPolicy
NServiceBus.EndpointConfiguration
NServiceBus.EndpointConfigurationExtensions
NServiceBus.EndpointInstanceExtensions
NServiceBus.EndpointWithExternallyManagedContainer
NServiceBus.ErrorQueueSettings
NServiceBus.Extensibility.ContextBag
NServiceBus.Extensibility.ExtendableOptionsExtensions
NServiceBus.Extensibility.IExtendable
NServiceBus.Extensibility.IReadOnlyContextBag
NServiceBus.FailedConfig
NServiceBus.Faults.DelayedRetryMessage
NServiceBus.Faults.FailedMessage
NServiceBus.Faults.FaultsHeaderKeys
NServiceBus.Faults.ImmediateRetryMessage
NServiceBus.Features.Audit
NServiceBus.Features.AutoSubscribe
NServiceBus.Features.DataBus
NServiceBus.Features.Feature
NServiceBus.Features.FeatureConfigurationContext
NServiceBus.Features.Outbox
NServiceBus.Features.PlatformRetryNotifications
NServiceBus.Features.Sagas
NServiceBus.Features.SettingsExtensions
NServiceBus.Features.SynchronizedStorage
NServiceBus.HeaderOptionExtensions
NServiceBus.Headers
NServiceBus.HostInfoConfigurationExtensions
NServiceBus.HostInfoSettings
NServiceBus.Hosting.Helpers.AssemblyScanner
NServiceBus.Hosting.Helpers.AssemblyScannerResults
NServiceBus.Hosting.Helpers.SkippedFile
NServiceBus.Hosting.HostInformation
NServiceBus.ICriticalErrorContext
NServiceBus.IDataBusProperty
NServiceBus.IDistributionPolicy
NServiceBus.IMessageConvention
NServiceBus.IMessageCreator
NServiceBus.IMessageHandlerContext
NServiceBus.IMessageProcessingContext
NServiceBus.ImmediateDispatchOptionExtensions
NServiceBus.ImmediateRetriesSettings
NServiceBus.ImmediateRetry
NServiceBus.Installation.INeedToInstallSomething
NServiceBus.Installation.Installer
NServiceBus.Installation.InstallerWithExternallyManagedContainer
NServiceBus.InstallConfigExtensions
NServiceBus.IPipelineContext
NServiceBus.IStartableEndpointWithExternallyManagedContainer
NServiceBus.IToSagaExpression`1
NServiceBus.LearningPersistence
NServiceBus.LearningSagaPersisterConfigurationExtensions
NServiceBus.LearningTransport
NServiceBus.LearningTransportConfigurationExtensions
NServiceBus.LoadMessageHandlersExtensions
NServiceBus.Logging.DefaultFactory
NServiceBus.Logging.ILog
NServiceBus.Logging.ILoggerFactory
NServiceBus.Logging.LogManager
NServiceBus.MessageCausationConfigurationExtensions
NServiceBus.MessageDeserializationException
NServiceBus.MessageDrivenSubscriptionsConfigExtensions
NServiceBus.MessageIdExtensions
NServiceBus.MessageInterfaces.IMessageMapper
NServiceBus.MessageInterfaces.MessageMapper.Reflection.MessageMapper
NServiceBus.MessageMutator.MutateIncomingMessageContext
NServiceBus.MessageMutator.MutateIncomingTransportMessageContext
NServiceBus.MessageMutator.MutateOutgoingMessageContext
NServiceBus.MessageMutator.MutateOutgoingTransportMessageContext
NServiceBus.MessageMutator.MutatorRegistrationExtensions
NServiceBus.MessageProcessingContextExtensions
NServiceBus.MessageProcessingOptimizationExtensions
NServiceBus.MessageSessionExtensions
NServiceBus.MoveToError
NServiceBus.NServiceBusMarkerInterfaceConvention
NServiceBus.OnSatelliteMessage
NServiceBus.OpenTelemetryConfigurationExtensions
NServiceBus.OpenTelemetryExtensions
NServiceBus.Outbox.IOutboxStorage
NServiceBus.Outbox.OutboxMessage
NServiceBus.Outbox.TransportOperation
NServiceBus.OutboxConfigExtensions
NServiceBus.PendingTransportOperations
NServiceBus.Persistence.CompletableSynchronizedStorageSessionExtensions
NServiceBus.Persistence.ICompletableSynchronizedStorageSession
NServiceBus.Persistence.PersistenceDefinition
NServiceBus.PersistenceExtensions
NServiceBus.PersistenceExtensions`1
NServiceBus.PersistenceExtensions`2
NServiceBus.Pipeline.ForkConnector`2
NServiceBus.Pipeline.IAuditActionContext
NServiceBus.Pipeline.IAuditContext
NServiceBus.Pipeline.IBatchDispatchContext
NServiceBus.Pipeline.IBehaviorContext
NServiceBus.Pipeline.IDispatchContext
NServiceBus.Pipeline.IIncomingLogicalMessageContext
NServiceBus.Pipeline.IIncomingPhysicalMessageContext
NServiceBus.Pipeline.IInvokeHandlerContext
NServiceBus.Pipeline.IOutgoingContext
NServiceBus.Pipeline.IOutgoingLogicalMessageContext
NServiceBus.Pipeline.IOutgoingPhysicalMessageContext
NServiceBus.Pipeline.IOutgoingPublishContext
NServiceBus.Pipeline.IOutgoingReplyContext
NServiceBus.Pipeline.IOutgoingSendContext
NServiceBus.Pipeline.IRecoverabilityActionContext
NServiceBus.Pipeline.IRecoverabilityContext
NServiceBus.Pipeline.IRoutingContext
NServiceBus.Pipeline.ISubscribeContext
NServiceBus.Pipeline.ITransportReceiveContext
NServiceBus.Pipeline.IUnsubscribeContext
NServiceBus.Pipeline.LogicalMessage
NServiceBus.Pipeline.LogicalMessageFactory
NServiceBus.Pipeline.MessageHandler
NServiceBus.Pipeline.OutgoingLogicalMessage
NServiceBus.Pipeline.PipelineSettings
NServiceBus.Pipeline.PipelineTerminator`1
NServiceBus.Pipeline.RegisterStep
NServiceBus.Pipeline.StageConnector`2
NServiceBus.Pipeline.StageForkConnector`3
NServiceBus.Pipeline.TransportMessageContextExtensions
NServiceBus.RateLimitSettings
NServiceBus.ReceiveAddresses
NServiceBus.ReceiveFeatureConfigurationContextExtensions
NServiceBus.ReceivePipelineCompleted
NServiceBus.ReceivePipelineConfigExtensions
NServiceBus.ReceiveSettingsExtensions
NServiceBus.Recoverability.RecoverabilityContextExtensions
NServiceBus.RecoverabilityAction
NServiceBus.RecoverabilityConfig
NServiceBus.RecoverabilityEndpointConfigurationExtensions
NServiceBus.RecoverabilitySettings
NServiceBus.RecoverabilitySettingsExtensions
NServiceBus.RetryFailedSettings
NServiceBus.Routing.DistributionContext
NServiceBus.Routing.DistributionStrategy
NServiceBus.Routing.EndpointInstance
NServiceBus.Routing.EndpointInstances
NServiceBus.Routing.MessageDrivenSubscriptions.PublisherAddress
NServiceBus.Routing.MessageDrivenSubscriptions.Publishers
NServiceBus.Routing.MessageDrivenSubscriptions.PublisherTableEntry
NServiceBus.Routing.MulticastAddressTag
NServiceBus.Routing.MulticastRoutingStrategy
NServiceBus.Routing.RouteTableEntry
NServiceBus.Routing.RoutingStrategy
NServiceBus.Routing.SingleInstanceRoundRobinDistributionStrategy
NServiceBus.Routing.UnicastAddressTag
NServiceBus.Routing.UnicastRoute
NServiceBus.Routing.UnicastRoutingStrategy
NServiceBus.Routing.UnicastRoutingTable
NServiceBus.RoutingFeatureSettingsExtensions
NServiceBus.RoutingOptionExtensions
NServiceBus.RoutingSettings
NServiceBus.RoutingSettings`1
NServiceBus.Sagas.ActiveSagaInstance
NServiceBus.Sagas.ISagaPersister
NServiceBus.Sagas.SagaCorrelationProperty
NServiceBus.Sagas.SagaFinderDefinition
NServiceBus.Sagas.SagaIdGeneratorContext
NServiceBus.Sagas.SagaMessage
NServiceBus.Sagas.SagaMetadata
NServiceBus.Sagas.SagaMetadataCollection
NServiceBus.SagasConfigExtensions
NServiceBus.Serialization.IMessageSerializer
NServiceBus.Serialization.SerializationDefinition
NServiceBus.Serialization.SerializationExtensions`1
NServiceBus.SerializationConfigExtensions
NServiceBus.SerializationContextExtensions
NServiceBus.SerializationExtensionsExtensions
NServiceBus.Settings.IReadOnlySettings
NServiceBus.Settings.SettingsHolder
NServiceBus.SettingsExtensions
NServiceBus.StartupDiagnosticEntries
NServiceBus.StaticHeadersConfigExtensions
NServiceBus.SubscriptionMigrationModeSettings
NServiceBus.Support.RuntimeEnvironment
NServiceBus.SystemJsonDataBusSerializer
NServiceBus.TimeToBeReceivedAttribute
NServiceBus.TimeToBeReceivedConventionExtensions
NServiceBus.Transport.DispatchProperties
NServiceBus.Transport.ErrorContext
NServiceBus.Transport.HostSettings
NServiceBus.Transport.IMessageDispatcher
NServiceBus.Transport.IMessageReceiver
NServiceBus.Transport.IncomingMessage
NServiceBus.Transport.IncomingMessageExtensions
NServiceBus.Transport.IOutgoingTransportOperation
NServiceBus.Transport.ISubscriptionManager
NServiceBus.Transport.ITransportAddressResolver
NServiceBus.Transport.MessageContext
NServiceBus.Transport.MulticastTransportOperation
NServiceBus.Transport.OnError
NServiceBus.Transport.OnMessage
NServiceBus.Transport.OutgoingMessage
NServiceBus.Transport.PushRuntimeSettings
NServiceBus.Transport.QueueAddress
NServiceBus.Transport.QueueBindings
NServiceBus.Transport.ReceiveSettings
NServiceBus.Transport.TransportDefinition
NServiceBus.Transport.TransportInfrastructure
NServiceBus.Transport.TransportOperation
NServiceBus.Transport.TransportOperations
NServiceBus.Transport.TransportTransaction
NServiceBus.Transport.UnicastTransportOperation
NServiceBus.TransportExtensions`1
NServiceBus.Unicast.MessageEventArgs
NServiceBus.Unicast.MessageHandlerRegistry
NServiceBus.Unicast.Messages.MessageMetadata
NServiceBus.Unicast.Messages.MessageMetadataRegistry
NServiceBus.Unicast.MessagesEventArgs
NServiceBus.Unicast.Queuing.QueueNotFoundException
NServiceBus.Unicast.Subscriptions.MessageDrivenSubscriptions.ISubscriptionStorage
NServiceBus.Unicast.Subscriptions.MessageDrivenSubscriptions.Subscriber
NServiceBus.Unicast.Subscriptions.MessageType
NServiceBus.UnitOfWorkSettingsExtensions
NServiceBus.UseDataBusExtensions
NServiceBus.XmlSerializationExtensions
NServiceBus.XmlSerializer
