stagefork1
behavior1
stage1
behavior2
stage2
terminator
