Instance mapping refreshed.
Endpoint -> [Endpoint], [Endpoint-XYZ]
AnotherEndpoint -> [AnotherEndpoint;K1:V1;K2:V2]